{"t":"2026-10-07T10:52:32.770Z","kind":"enrich","userId":"31b4348d9e7c","info":{}}
{"t":"2026-10-07T10:54:24.341Z","kind":"generate","userId":"31b4348d9e7c","info":{"category":"animasi-cerita","part":1,"totalPart":1,"adegan":6,"shotPerAdegan":3}}
{"t":"2026-10-07T15:48:48.487Z","kind":"enrich","userId":"31b4348d9e7c","info":{}}
{"t":"2026-10-07T15:49:55.957Z","kind":"enrich","userId":"31b4348d9e7c","info":{}}
{"t":"2026-10-07T15:52:38.820Z","kind":"generate","userId":"31b4348d9e7c","info":{"category":"podcast","part":1,"totalPart":1,"adegan":1,"shotPerAdegan":4}}
{"t":"2026-10-07T16:00:49.734Z","kind":"generate","userId":"31b4348d9e7c","info":{"category":"podcast","part":1,"totalPart":1,"adegan":4,"shotPerAdegan":2}}
{"t":"2026-10-07T16:54:46.006Z","kind":"enrich","userId":"31b4348d9e7c","info":{}}
{"t":"2026-10-07T16:57:34.885Z","kind":"generate","userId":"31b4348d9e7c","info":{"category":"karakter","part":1,"totalPart":1,"adegan":2,"shotPerAdegan":5}}
{"t":"2026-10-07T17:47:13.246Z","kind":"generate","userId":"31b4348d9e7c","info":{"category":"podcast","part":1,"totalPart":2,"adegan":2,"shotPerAdegan":4}}
{"t":"2026-10-07T17:58:14.847Z","kind":"enrich","userId":"31b4348d9e7c","info":{}}
{"t":"2026-10-07T18:01:39.004Z","kind":"generate","userId":"31b4348d9e7c","info":{"category":"fakta-unik","part":1,"totalPart":1,"adegan":4,"shotPerAdegan":3}}
{"t":"2026-10-07T18:06:56.333Z","kind":"enrich","userId":"31b4348d9e7c","info":{}}
{"t":"2026-10-07T18:08:41.173Z","kind":"generate","userId":"31b4348d9e7c","info":{"category":"animasi-cerita","part":1,"totalPart":2,"adegan":2,"shotPerAdegan":2}}
{"t":"2026-10-07T18:23:49.911Z","kind":"generate","userId":"31b4348d9e7c","info":{"category":"animasi-cerita","part":1,"totalPart":2,"adegan":3,"shotPerAdegan":4}}
{"t":"2026-10-07T18:24:06.933Z","kind":"revise","userId":"31b4348d9e7c","info":{"scope":"adegan","category":"animasi-cerita"}}
{"t":"2026-10-07T18:37:10.658Z","kind":"generate","userId":"31b4348d9e7c","info":{"category":"animasi-cerita","part":1,"totalPart":2,"adegan":2,"shotPerAdegan":2}}
{"t":"2026-10-07T18:52:43.867Z","kind":"enrich","userId":"31b4348d9e7c","info":{}}
{"t":"2026-10-07T18:53:57.786Z","kind":"generate","userId":"31b4348d9e7c","info":{"category":"video-iklan","part":1,"totalPart":3,"adegan":2,"shotPerAdegan":2}}
{"t":"2026-10-08T02:15:09.808Z","kind":"generate","userId":"31b4348d9e7c","info":{"category":"fakta-unik","part":1,"totalPart":2,"adegan":2,"shotPerAdegan":2,"repaired":false,"issues":[]}}
{"t":"2026-10-08T02:49:17.838Z","kind":"generate","userId":"31b4348d9e7c","info":{"category":"animasi-cerita","part":1,"totalPart":2,"adegan":4,"shotPerAdegan":2,"repaired":false,"issues":[]}}
{"t":"2026-10-08T02:54:39.990Z","kind":"generate","userId":"31b4348d9e7c","info":{"category":"fakta-unik","part":1,"totalPart":4,"adegan":3,"shotPerAdegan":4,"repaired":false,"issues":[]}}
